Copyright (C) Microsoft Corporation. All rights reserved.

Try the new cross-platform PowerShell https://aka.ms/pscore6

PS C:\Users\Ming_Win10Pro> cd C:\Users\Ming_Win10Pro\Desktop\javascript-amazon-project\
PS C:\Users\Ming_Win10Pro\Desktop\javascript-amazon-project> git remote add origin https://github.com/mingSynq/javascript-amazon-project.git
PS C:\Users\Ming_Win10Pro\Desktop\javascript-amazon-project> git remote
origin
PS C:\Users\Ming_Win10Pro\Desktop\javascript-amazon-project> git remote -v
origin  https://github.com/mingSynq/javascript-amazon-project.git (fetch)
origin  https://github.com/mingSynq/javascript-amazon-project.git (push)
PS C:\Users\Ming_Win10Pro\Desktop\javascript-amazon-project> git config --global credential.username "mingSynq"
PS C:\Users\Ming_Win10Pro\Desktop\javascript-amazon-project> git log --all --graph
* commit d2dccd959babb6cdf83ed7e4e508fc8e51e52e60 (HEAD -> master)
| Author: mingSynq <ming@synqtech.com>
| Date:   Mon Jun 26 14:22:56 2023 -0400
|
|     Generate HTML with JavaScript
|
* commit 73d93a6922d3093e02f082774ab808ec4ec3814d
  Author: mingSynq <ming@synqtech.com>
  Date:   Mon Jun 26 09:54:44 2023 -0400

      Add the starting files
PS C:\Users\Ming_Win10Pro\Desktop\javascript-amazon-project> q
q : The term 'q' is not recognized as the name of a cmdlet, function, script file, or operable program. Check the
spelling of the name, or if a path was included, verify that the path is correct and try again.
At line:1 char:1
+ q
+ ~
    + CategoryInfo          : ObjectNotFound: (q:String) [], CommandNotFoundException
    + FullyQualifiedErrorId : CommandNotFoundException

PS C:\Users\Ming_Win10Pro\Desktop\javascript-amazon-project> git config --global credential.username "mingSynq"
PS C:\Users\Ming_Win10Pro\Desktop\javascript-amazon-project> git push origin master
Enumerating objects: 119, done.
Counting objects: 100% (119/119), done.
Delta compression using up to 6 threads
Compressing objects: 100% (117/117), done.
Writing objects: 100% (119/119), 2.39 MiB | 1.39 MiB/s, done.
Total 119 (delta 6), reused 0 (delta 0), pack-reused 0
remote: Resolving deltas: 100% (6/6), done.
To https://github.com/mingSynq/javascript-amazon-project.git
 * [new branch]      master -> master
PS C:\Users\Ming_Win10Pro\Desktop\javascript-amazon-project> git add --all
PS C:\Users\Ming_Win10Pro\Desktop\javascript-amazon-project> git commit -m "new changes"
[master 8b311e6] new changes
 2 files changed, 147 insertions(+), 205 deletions(-)
 rewrite amazon.html (69%)
 create mode 100644 scripts/amazon.js
PS C:\Users\Ming_Win10Pro\Desktop\javascript-amazon-project> git push
fatal: The current branch master has no upstream branch.
To push the current branch and set the remote as upstream, use

    git push --set-upstream origin master

PS C:\Users\Ming_Win10Pro\Desktop\javascript-amazon-project> git push origin master
Enumerating objects: 7, done.
Counting objects: 100% (7/7), done.
Delta compression using up to 6 threads
Compressing objects: 100% (4/4), done.
Writing objects: 100% (5/5), 1.15 KiB | 1.15 MiB/s, done.
Total 5 (delta 2), reused 0 (delta 0), pack-reused 0
remote: Resolving deltas: 100% (2/2), completed with 2 local objects.
To https://github.com/mingSynq/javascript-amazon-project.git
   d2dccd9..8b311e6  master -> master
PS C:\Users\Ming_Win10Pro\Desktop\javascript-amazon-project> git commit -m "new changes20230627"
On branch master
nothing to commit, working tree clean
PS C:\Users\Ming_Win10Pro\Desktop\javascript-amazon-project> git push origin master
Enumerating objects: 22, done.
Counting objects: 100% (22/22), done.
Delta compression using up to 6 threads
Compressing objects: 100% (13/13), done.
Writing objects: 100% (17/17), 1.68 KiB | 861.00 KiB/s, done.
Total 17 (delta 9), reused 0 (delta 0), pack-reused 0
remote: Resolving deltas: 100% (9/9), completed with 3 local objects.
To https://github.com/mingSynq/javascript-amazon-project.git
   8b311e6..49b659f  master -> master
PS C:\Users\Ming_Win10Pro\Desktop\javascript-amazon-project>